["return",true]
["return",false]
["return",false]
["return",false]
["return",true]
["return",[]]
["return",[["File \"\", line 1, characters 31-39","module Test_sexp :\n  sig\n    type t = int\n    val sexp_of_t : t -> Sexplib.Sexp.t\n    val t_of_sexp : Sexplib.Sexp.t -> t\n  end"]]]
