["return",true]
["return",false]
["return",false]
["return",false]
["return",false]
["return",true]
["return",[]]
